<?xml version="1.0"?>
<link_info>
   <banner>TI ARM Linker PC v5.2.5</banner>
   <copyright>Copyright (c) 1996-2015 Texas Instruments Incorporated</copyright>
   <link_time>0x560e9127</link_time>
   <link_errors>0x0</link_errors>
   <output_file>lab15.out</output_file>
   <entry_point>
      <name>_c_int00</name>
      <address>0x1cd5</address>
   </entry_point>
   <input_file_list>
      <input_file id="fl-2">
         <path>.\</path>
         <kind>object</kind>
         <file>UART.obj</file>
         <name>UART.obj</name>
      </input_file>
      <input_file id="fl-3">
         <path>.\</path>
         <kind>object</kind>
         <file>main.obj</file>
         <name>main.obj</name>
      </input_file>
      <input_file id="fl-4">
         <path>.\</path>
         <kind>object</kind>
         <file>tm4c123gh6pm_startup_ccs.obj</file>
         <name>tm4c123gh6pm_startup_ccs.obj</name>
      </input_file>
      <input_file id="fl-a">
         <path>C:\ti\TivaWare_C_Series-2.1.0.12573\driverlib\ccs\Debug\</path>
         <kind>archive</kind>
         <file>driverlib.lib</file>
         <name>sysctl.obj</name>
      </input_file>
      <input_file id="fl-b">
         <path>C:\ti\TivaWare_C_Series-2.1.0.12573\driverlib\ccs\Debug\</path>
         <kind>archive</kind>
         <file>driverlib.lib</file>
         <name>pwm.obj</name>
      </input_file>
      <input_file id="fl-c">
         <path>C:\ti\TivaWare_C_Series-2.1.0.12573\driverlib\ccs\Debug\</path>
         <kind>archive</kind>
         <file>driverlib.lib</file>
         <name>interrupt.obj</name>
      </input_file>
      <input_file id="fl-d">
         <path>C:\ti\TivaWare_C_Series-2.1.0.12573\driverlib\ccs\Debug\</path>
         <kind>archive</kind>
         <file>driverlib.lib</file>
         <name>gpio.obj</name>
      </input_file>
      <input_file id="fl-e">
         <path>C:\ti\TivaWare_C_Series-2.1.0.12573\driverlib\ccs\Debug\</path>
         <kind>archive</kind>
         <file>driverlib.lib</file>
         <name>cpu.obj</name>
      </input_file>
      <input_file id="fl-130">
         <path>C:\ti\ccsv6\tools\compiler\ti-cgt-arm_5.2.5\lib\</path>
         <kind>archive</kind>
         <file>rtsv7M4_T_le_v4SPD16_eabi.lib</file>
         <name>boot.obj</name>
      </input_file>
      <input_file id="fl-131">
         <path>C:\ti\ccsv6\tools\compiler\ti-cgt-arm_5.2.5\lib\</path>
         <kind>archive</kind>
         <file>rtsv7M4_T_le_v4SPD16_eabi.lib</file>
         <name>copy_decompress_none.obj</name>
      </input_file>
      <input_file id="fl-132">
         <path>C:\ti\ccsv6\tools\compiler\ti-cgt-arm_5.2.5\lib\</path>
         <kind>archive</kind>
         <file>rtsv7M4_T_le_v4SPD16_eabi.lib</file>
         <name>copy_decompress_rle.obj</name>
      </input_file>
      <input_file id="fl-133">
         <path>C:\ti\ccsv6\tools\compiler\ti-cgt-arm_5.2.5\lib\</path>
         <kind>archive</kind>
         <file>rtsv7M4_T_le_v4SPD16_eabi.lib</file>
         <name>copy_zero_init.obj</name>
      </input_file>
      <input_file id="fl-134">
         <path>C:\ti\ccsv6\tools\compiler\ti-cgt-arm_5.2.5\lib\</path>
         <kind>archive</kind>
         <file>rtsv7M4_T_le_v4SPD16_eabi.lib</file>
         <name>exit.obj</name>
      </input_file>
      <input_file id="fl-135">
         <path>C:\ti\ccsv6\tools\compiler\ti-cgt-arm_5.2.5\lib\</path>
         <kind>archive</kind>
         <file>rtsv7M4_T_le_v4SPD16_eabi.lib</file>
         <name>fd_mul_t2.obj</name>
      </input_file>
      <input_file id="fl-136">
         <path>C:\ti\ccsv6\tools\compiler\ti-cgt-arm_5.2.5\lib\</path>
         <kind>archive</kind>
         <file>rtsv7M4_T_le_v4SPD16_eabi.lib</file>
         <name>fd_tou_t2.obj</name>
      </input_file>
      <input_file id="fl-137">
         <path>C:\ti\ccsv6\tools\compiler\ti-cgt-arm_5.2.5\lib\</path>
         <kind>archive</kind>
         <file>rtsv7M4_T_le_v4SPD16_eabi.lib</file>
         <name>i_tofd_t2.obj</name>
      </input_file>
      <input_file id="fl-138">
         <path>C:\ti\ccsv6\tools\compiler\ti-cgt-arm_5.2.5\lib\</path>
         <kind>archive</kind>
         <file>rtsv7M4_T_le_v4SPD16_eabi.lib</file>
         <name>memcpy_t2.obj</name>
      </input_file>
      <input_file id="fl-139">
         <path>C:\ti\ccsv6\tools\compiler\ti-cgt-arm_5.2.5\lib\</path>
         <kind>archive</kind>
         <file>rtsv7M4_T_le_v4SPD16_eabi.lib</file>
         <name>memset_t2.obj</name>
      </input_file>
      <input_file id="fl-13a">
         <path>C:\ti\ccsv6\tools\compiler\ti-cgt-arm_5.2.5\lib\</path>
         <kind>archive</kind>
         <file>rtsv7M4_T_le_v4SPD16_eabi.lib</file>
         <name>pow.obj</name>
      </input_file>
      <input_file id="fl-13b">
         <path>C:\ti\ccsv6\tools\compiler\ti-cgt-arm_5.2.5\lib\</path>
         <kind>archive</kind>
         <file>rtsv7M4_T_le_v4SPD16_eabi.lib</file>
         <name>pre_init.obj</name>
      </input_file>
      <input_file id="fl-13c">
         <path>C:\ti\ccsv6\tools\compiler\ti-cgt-arm_5.2.5\lib\</path>
         <kind>archive</kind>
         <file>rtsv7M4_T_le_v4SPD16_eabi.lib</file>
         <name>stkdepth_vars.obj</name>
      </input_file>
      <input_file id="fl-13d">
         <path>C:\ti\ccsv6\tools\compiler\ti-cgt-arm_5.2.5\lib\</path>
         <kind>archive</kind>
         <file>rtsv7M4_T_le_v4SPD16_eabi.lib</file>
         <name>xdint.obj</name>
      </input_file>
      <input_file id="fl-13e">
         <path>C:\ti\ccsv6\tools\compiler\ti-cgt-arm_5.2.5\lib\</path>
         <kind>archive</kind>
         <file>rtsv7M4_T_le_v4SPD16_eabi.lib</file>
         <name>xdunscal.obj</name>
      </input_file>
      <input_file id="fl-13f">
         <path>C:\ti\ccsv6\tools\compiler\ti-cgt-arm_5.2.5\lib\</path>
         <kind>archive</kind>
         <file>rtsv7M4_T_le_v4SPD16_eabi.lib</file>
         <name>xexp.obj</name>
      </input_file>
      <input_file id="fl-140">
         <path>C:\ti\ccsv6\tools\compiler\ti-cgt-arm_5.2.5\lib\</path>
         <kind>archive</kind>
         <file>rtsv7M4_T_le_v4SPD16_eabi.lib</file>
         <name>xferaise.obj</name>
      </input_file>
      <input_file id="fl-141">
         <path>C:\ti\ccsv6\tools\compiler\ti-cgt-arm_5.2.5\lib\</path>
         <kind>archive</kind>
         <file>rtsv7M4_T_le_v4SPD16_eabi.lib</file>
         <name>xvalues.obj</name>
      </input_file>
      <input_file id="fl-142">
         <path>C:\ti\ccsv6\tools\compiler\ti-cgt-arm_5.2.5\lib\</path>
         <kind>archive</kind>
         <file>rtsv7M4_T_le_v4SPD16_eabi.lib</file>
         <name>_lock.obj</name>
      </input_file>
      <input_file id="fl-143">
         <path>C:\ti\ccsv6\tools\compiler\ti-cgt-arm_5.2.5\lib\</path>
         <kind>archive</kind>
         <file>rtsv7M4_T_le_v4SPD16_eabi.lib</file>
         <name>args_main.obj</name>
      </input_file>
      <input_file id="fl-144">
         <path>C:\ti\ccsv6\tools\compiler\ti-cgt-arm_5.2.5\lib\</path>
         <kind>archive</kind>
         <file>rtsv7M4_T_le_v4SPD16_eabi.lib</file>
         <name>autoinit.obj</name>
      </input_file>
      <input_file id="fl-145">
         <path>C:\ti\ccsv6\tools\compiler\ti-cgt-arm_5.2.5\lib\</path>
         <kind>archive</kind>
         <file>rtsv7M4_T_le_v4SPD16_eabi.lib</file>
         <name>cpy_tbl.obj</name>
      </input_file>
      <input_file id="fl-146">
         <path>C:\ti\ccsv6\tools\compiler\ti-cgt-arm_5.2.5\lib\</path>
         <kind>archive</kind>
         <file>rtsv7M4_T_le_v4SPD16_eabi.lib</file>
         <name>errno.obj</name>
      </input_file>
      <input_file id="fl-147">
         <path>C:\ti\ccsv6\tools\compiler\ti-cgt-arm_5.2.5\lib\</path>
         <kind>archive</kind>
         <file>rtsv7M4_T_le_v4SPD16_eabi.lib</file>
         <name>fd_add_t2.obj</name>
      </input_file>
      <input_file id="fl-148">
         <path>C:\ti\ccsv6\tools\compiler\ti-cgt-arm_5.2.5\lib\</path>
         <kind>archive</kind>
         <file>rtsv7M4_T_le_v4SPD16_eabi.lib</file>
         <name>fd_cmp_t2.obj</name>
      </input_file>
      <input_file id="fl-149">
         <path>C:\ti\ccsv6\tools\compiler\ti-cgt-arm_5.2.5\lib\</path>
         <kind>archive</kind>
         <file>rtsv7M4_T_le_v4SPD16_eabi.lib</file>
         <name>fd_div_t2.obj</name>
      </input_file>
      <input_file id="fl-14a">
         <path>C:\ti\ccsv6\tools\compiler\ti-cgt-arm_5.2.5\lib\</path>
         <kind>archive</kind>
         <file>rtsv7M4_T_le_v4SPD16_eabi.lib</file>
         <name>fd_toi_t2.obj</name>
      </input_file>
      <input_file id="fl-14b">
         <path>C:\ti\ccsv6\tools\compiler\ti-cgt-arm_5.2.5\lib\</path>
         <kind>archive</kind>
         <file>rtsv7M4_T_le_v4SPD16_eabi.lib</file>
         <name>feraiseexcept.obj</name>
      </input_file>
      <input_file id="fl-14c">
         <path>C:\ti\ccsv6\tools\compiler\ti-cgt-arm_5.2.5\lib\</path>
         <kind>archive</kind>
         <file>rtsv7M4_T_le_v4SPD16_eabi.lib</file>
         <name>log.obj</name>
      </input_file>
      <input_file id="fl-14d">
         <path>C:\ti\ccsv6\tools\compiler\ti-cgt-arm_5.2.5\lib\</path>
         <kind>archive</kind>
         <file>rtsv7M4_T_le_v4SPD16_eabi.lib</file>
         <name>raise.obj</name>
      </input_file>
      <input_file id="fl-14e">
         <path>C:\ti\ccsv6\tools\compiler\ti-cgt-arm_5.2.5\lib\</path>
         <kind>archive</kind>
         <file>rtsv7M4_T_le_v4SPD16_eabi.lib</file>
         <name>signal.obj</name>
      </input_file>
      <input_file id="fl-14f">
         <path>C:\ti\ccsv6\tools\compiler\ti-cgt-arm_5.2.5\lib\</path>
         <kind>archive</kind>
         <file>rtsv7M4_T_le_v4SPD16_eabi.lib</file>
         <name>xdnorm.obj</name>
      </input_file>
      <input_file id="fl-150">
         <path>C:\ti\ccsv6\tools\compiler\ti-cgt-arm_5.2.5\lib\</path>
         <kind>archive</kind>
         <file>rtsv7M4_T_le_v4SPD16_eabi.lib</file>
         <name>xdscale.obj</name>
      </input_file>
      <input_file id="fl-151">
         <path>C:\ti\ccsv6\tools\compiler\ti-cgt-arm_5.2.5\lib\</path>
         <kind>archive</kind>
         <file>rtsv7M4_T_le_v4SPD16_eabi.lib</file>
         <name>xlog.obj</name>
      </input_file>
      <input_file id="fl-152">
         <path>C:\ti\ccsv6\tools\compiler\ti-cgt-arm_5.2.5\lib\</path>
         <kind>archive</kind>
         <file>rtsv7M4_T_le_v4SPD16_eabi.lib</file>
         <name>fs_tod_t2.obj</name>
      </input_file>
      <input_file id="fl-153">
         <path>C:\ti\ccsv6\tools\compiler\ti-cgt-arm_5.2.5\lib\</path>
         <kind>archive</kind>
         <file>rtsv7M4_T_le_v4SPD16_eabi.lib</file>
         <name>xfvalues.obj</name>
      </input_file>
   </input_file_list>
   <object_component_list>
      <object_component id="oc-f">
         <name>.intvecs</name>
         <load_address>0x0</load_address>
         <run_address>0x0</run_address>
         <size>0x26c</size>
         <input_file_ref idref="fl-4"/>
      </object_component>
      <object_component id="oc-111">
         <name>.text</name>
         <load_address>0x26c</load_address>
         <run_address>0x26c</run_address>
         <size>0x498</size>
         <input_file_ref idref="fl-13a"/>
      </object_component>
      <object_component id="oc-1d8">
         <name>.text</name>
         <load_address>0x704</load_address>
         <run_address>0x704</run_address>
         <size>0x2ec</size>
         <input_file_ref idref="fl-151"/>
      </object_component>
      <object_component id="oc-9d">
         <name>.text</name>
         <load_address>0x9f0</load_address>
         <run_address>0x9f0</run_address>
         <size>0x2b0</size>
         <input_file_ref idref="fl-3"/>
      </object_component>
      <object_component id="oc-19a">
         <name>.text</name>
         <load_address>0xca0</load_address>
         <run_address>0xca0</run_address>
         <size>0x1fc</size>
         <input_file_ref idref="fl-13f"/>
      </object_component>
      <object_component id="oc-185">
         <name>.text</name>
         <load_address>0xe9c</load_address>
         <run_address>0xe9c</run_address>
         <size>0x1b6</size>
         <input_file_ref idref="fl-147"/>
      </object_component>
      <object_component id="oc-106">
         <name>.text</name>
         <load_address>0x1054</load_address>
         <run_address>0x1054</run_address>
         <size>0x1ac</size>
         <input_file_ref idref="fl-2"/>
      </object_component>
      <object_component id="oc-195">
         <name>.text</name>
         <load_address>0x1200</load_address>
         <run_address>0x1200</run_address>
         <size>0x136</size>
         <input_file_ref idref="fl-149"/>
      </object_component>
      <object_component id="oc-157">
         <name>.text:GPIOPadConfigSet</name>
         <load_address>0x1336</load_address>
         <run_address>0x1336</run_address>
         <size>0x130</size>
         <input_file_ref idref="fl-d"/>
      </object_component>
      <object_component id="oc-c3">
         <name>.text:SysCtlClockGet</name>
         <load_address>0x1468</load_address>
         <run_address>0x1468</run_address>
         <size>0x118</size>
         <input_file_ref idref="fl-a"/>
      </object_component>
      <object_component id="oc-1e0">
         <name>.text</name>
         <load_address>0x1580</load_address>
         <run_address>0x1580</run_address>
         <size>0x110</size>
         <input_file_ref idref="fl-150"/>
      </object_component>
      <object_component id="oc-117">
         <name>.text</name>
         <load_address>0x1690</load_address>
         <run_address>0x1690</run_address>
         <size>0xfc</size>
         <input_file_ref idref="fl-135"/>
      </object_component>
      <object_component id="oc-ca">
         <name>.text:SysCtlClockSet</name>
         <load_address>0x178c</load_address>
         <run_address>0x178c</run_address>
         <size>0xf0</size>
         <input_file_ref idref="fl-a"/>
      </object_component>
      <object_component id="oc-174">
         <name>.text</name>
         <load_address>0x187c</load_address>
         <run_address>0x187c</run_address>
         <size>0xc0</size>
         <input_file_ref idref="fl-13d"/>
      </object_component>
      <object_component id="oc-1bf">
         <name>.text</name>
         <load_address>0x193c</load_address>
         <run_address>0x193c</run_address>
         <size>0xbe</size>
         <input_file_ref idref="fl-14f"/>
      </object_component>
      <object_component id="oc-33">
         <name>.text</name>
         <load_address>0x19fa</load_address>
         <run_address>0x19fa</run_address>
         <size>0x9c</size>
         <input_file_ref idref="fl-138"/>
      </object_component>
      <object_component id="oc-17a">
         <name>.text:__aeabi_cdcmple</name>
         <load_address>0x1a96</load_address>
         <run_address>0x1a96</run_address>
         <size>0x86</size>
         <input_file_ref idref="fl-148"/>
      </object_component>
      <object_component id="oc-4c">
         <name>.text</name>
         <load_address>0x1b1c</load_address>
         <run_address>0x1b1c</run_address>
         <size>0x7a</size>
         <input_file_ref idref="fl-139"/>
      </object_component>
      <object_component id="oc-5e">
         <name>.text</name>
         <load_address>0x1b98</load_address>
         <run_address>0x1b98</run_address>
         <size>0x6c</size>
         <input_file_ref idref="fl-144"/>
      </object_component>
      <object_component id="oc-3f">
         <name>.text</name>
         <load_address>0x1c04</load_address>
         <run_address>0x1c04</run_address>
         <size>0x6a</size>
         <input_file_ref idref="fl-132"/>
      </object_component>
      <object_component id="oc-16e">
         <name>.text</name>
         <load_address>0x1c6e</load_address>
         <run_address>0x1c6e</run_address>
         <size>0x66</size>
         <input_file_ref idref="fl-13e"/>
      </object_component>
      <object_component id="oc-24">
         <name>.text</name>
         <load_address>0x1cd4</load_address>
         <run_address>0x1cd4</run_address>
         <size>0x50</size>
         <input_file_ref idref="fl-130"/>
      </object_component>
      <object_component id="oc-95">
         <name>.text</name>
         <load_address>0x1d24</load_address>
         <run_address>0x1d24</run_address>
         <size>0x4c</size>
         <input_file_ref idref="fl-145"/>
      </object_component>
      <object_component id="oc-dc">
         <name>.text:GPIOPinConfigure</name>
         <load_address>0x1d70</load_address>
         <run_address>0x1d70</run_address>
         <size>0x48</size>
         <input_file_ref idref="fl-d"/>
      </object_component>
      <object_component id="oc-18a">
         <name>.text</name>
         <load_address>0x1db8</load_address>
         <run_address>0x1db8</run_address>
         <size>0x48</size>
         <input_file_ref idref="fl-14a"/>
      </object_component>
      <object_component id="oc-6a">
         <name>.text</name>
         <load_address>0x1e00</load_address>
         <run_address>0x1e00</run_address>
         <size>0x44</size>
         <input_file_ref idref="fl-134"/>
      </object_component>
      <object_component id="oc-11c">
         <name>.text</name>
         <load_address>0x1e44</load_address>
         <run_address>0x1e44</run_address>
         <size>0x44</size>
         <input_file_ref idref="fl-136"/>
      </object_component>
      <object_component id="oc-21c">
         <name>.text</name>
         <load_address>0x1e88</load_address>
         <run_address>0x1e88</run_address>
         <size>0x40</size>
         <input_file_ref idref="fl-14e"/>
      </object_component>
      <object_component id="oc-207">
         <name>.text</name>
         <load_address>0x1ec8</load_address>
         <run_address>0x1ec8</run_address>
         <size>0x38</size>
         <input_file_ref idref="fl-152"/>
      </object_component>
      <object_component id="oc-d6">
         <name>.text:SysCtlPeripheralEnable</name>
         <load_address>0x1f00</load_address>
         <run_address>0x1f00</run_address>
         <size>0x34</size>
         <input_file_ref idref="fl-a"/>
      </object_component>
      <object_component id="oc-1cc">
         <name>.text</name>
         <load_address>0x1f34</load_address>
         <run_address>0x1f34</run_address>
         <size>0x34</size>
         <input_file_ref idref="fl-14b"/>
      </object_component>
      <object_component id="oc-17f">
         <name>.text</name>
         <load_address>0x1f68</load_address>
         <run_address>0x1f68</run_address>
         <size>0x30</size>
         <input_file_ref idref="fl-140"/>
      </object_component>
      <object_component id="oc-10c">
         <name>.text</name>
         <load_address>0x1f98</load_address>
         <run_address>0x1f98</run_address>
         <size>0x2e</size>
         <input_file_ref idref="fl-137"/>
      </object_component>
      <object_component id="oc-1fb">
         <name>.text</name>
         <load_address>0x1fc6</load_address>
         <run_address>0x1fc6</run_address>
         <size>0x2e</size>
         <input_file_ref idref="fl-14d"/>
      </object_component>
      <object_component id="oc-151">
         <name>.text:GPIODirModeSet</name>
         <load_address>0x1ff4</load_address>
         <run_address>0x1ff4</run_address>
         <size>0x2a</size>
         <input_file_ref idref="fl-d"/>
      </object_component>
      <object_component id="oc-e8">
         <name>.text:PWMGenConfigure</name>
         <load_address>0x201e</load_address>
         <run_address>0x201e</run_address>
         <size>0x22</size>
         <input_file_ref idref="fl-b"/>
      </object_component>
      <object_component id="oc-f4">
         <name>.text:PWMPulseWidthSet</name>
         <load_address>0x2040</load_address>
         <run_address>0x2040</run_address>
         <size>0x1e</size>
         <input_file_ref idref="fl-b"/>
      </object_component>
      <object_component id="oc-18f">
         <name>.text</name>
         <load_address>0x205e</load_address>
         <run_address>0x205e</run_address>
         <size>0x1a</size>
         <input_file_ref idref="fl-14c"/>
      </object_component>
      <object_component id="oc-64">
         <name>.text</name>
         <load_address>0x2078</load_address>
         <run_address>0x2078</run_address>
         <size>0x18</size>
         <input_file_ref idref="fl-143"/>
      </object_component>
      <object_component id="oc-d0">
         <name>.text:SysCtlPWMClockSet</name>
         <load_address>0x2090</load_address>
         <run_address>0x2090</run_address>
         <size>0x14</size>
         <input_file_ref idref="fl-a"/>
      </object_component>
      <object_component id="oc-12a">
         <name>.text</name>
         <load_address>0x20a4</load_address>
         <run_address>0x20a4</run_address>
         <size>0x14</size>
         <input_file_ref idref="fl-142"/>
      </object_component>
      <object_component id="oc-e2">
         <name>.text:GPIOPinTypePWM</name>
         <load_address>0x20b8</load_address>
         <run_address>0x20b8</run_address>
         <size>0x12</size>
         <input_file_ref idref="fl-d"/>
      </object_component>
      <object_component id="oc-100">
         <name>.text:PWMOutputState</name>
         <load_address>0x20ca</load_address>
         <run_address>0x20ca</run_address>
         <size>0x12</size>
         <input_file_ref idref="fl-b"/>
      </object_component>
      <object_component id="oc-ee">
         <name>.text:PWMGenPeriodSet</name>
         <load_address>0x20dc</load_address>
         <run_address>0x20dc</run_address>
         <size>0x10</size>
         <input_file_ref idref="fl-b"/>
      </object_component>
      <object_component id="oc-12">
         <name>.text:decompress:none</name>
         <load_address>0x20ec</load_address>
         <run_address>0x20ec</run_address>
         <size>0xe</size>
         <input_file_ref idref="fl-131"/>
      </object_component>
      <object_component id="oc-fa">
         <name>.text:PWMGenEnable</name>
         <load_address>0x20fa</load_address>
         <run_address>0x20fa</run_address>
         <size>0xc</size>
         <input_file_ref idref="fl-b"/>
      </object_component>
      <object_component id="oc-1e">
         <name>.text:decompress:ZI</name>
         <load_address>0x2106</load_address>
         <run_address>0x2106</run_address>
         <size>0xc</size>
         <input_file_ref idref="fl-133"/>
      </object_component>
      <object_component id="oc-2a">
         <name>.text</name>
         <load_address>0x2112</load_address>
         <run_address>0x2112</run_address>
         <size>0xc</size>
         <input_file_ref idref="fl-4"/>
      </object_component>
      <object_component id="oc-c9">
         <name>.text:SysCtlDelay</name>
         <load_address>0x211e</load_address>
         <run_address>0x211e</run_address>
         <size>0x6</size>
         <input_file_ref idref="fl-a"/>
      </object_component>
      <object_component id="oc-18">
         <name>.text:decompress:rle24</name>
         <load_address>0x2124</load_address>
         <run_address>0x2124</run_address>
         <size>0x6</size>
         <input_file_ref idref="fl-132"/>
      </object_component>
      <object_component id="oc-58">
         <name>.text</name>
         <load_address>0x212a</load_address>
         <run_address>0x212a</run_address>
         <size>0x4</size>
         <input_file_ref idref="fl-13b"/>
      </object_component>
      <object_component id="oc-14c">
         <name>.const:g_pui32GPIOBaseAddrs</name>
         <load_address>0x2130</load_address>
         <run_address>0x2130</run_address>
         <size>0x90</size>
         <input_file_ref idref="fl-d"/>
      </object_component>
      <object_component id="oc-13f">
         <name>.const:g_pui32Xtals</name>
         <load_address>0x21c0</load_address>
         <run_address>0x21c0</run_address>
         <size>0x6c</size>
         <input_file_ref idref="fl-a"/>
      </object_component>
      <object_component id="oc-1e6">
         <name>.const</name>
         <load_address>0x2230</load_address>
         <run_address>0x2230</run_address>
         <size>0x48</size>
         <input_file_ref idref="fl-13f"/>
      </object_component>
      <object_component id="oc-20f">
         <name>.const:p</name>
         <load_address>0x2278</load_address>
         <run_address>0x2278</run_address>
         <size>0x38</size>
         <input_file_ref idref="fl-151"/>
      </object_component>
      <object_component id="oc-1c7">
         <name>.const</name>
         <load_address>0x22b0</load_address>
         <run_address>0x22b0</run_address>
         <size>0x30</size>
         <input_file_ref idref="fl-13d"/>
      </object_component>
      <object_component id="oc-26b">
         <name>.cinit..data.load</name>
         <load_address>0x22e0</load_address>
         <run_address>0x22e0</run_address>
         <size>0x63</size>
      </object_component>
      <object_component id="oc-269">
         <name>__TI_handler_table</name>
         <load_address>0x2344</load_address>
         <run_address>0x2344</run_address>
         <size>0xc</size>
      </object_component>
      <object_component id="oc-26c">
         <name>.cinit..bss.load</name>
         <load_address>0x2350</load_address>
         <run_address>0x2350</run_address>
         <size>0x8</size>
      </object_component>
      <object_component id="oc-26a">
         <name>__TI_cinit_table</name>
         <load_address>0x2358</load_address>
         <run_address>0x2358</run_address>
         <size>0x10</size>
      </object_component>
      <object_component id="oc-29">
         <name>.stack</name>
         <uninitialized>true</uninitialized>
         <run_address>0x200001b8</run_address>
         <size>0x0</size>
         <input_file_ref idref="fl-130"/>
      </object_component>
      <object_component id="oc-26d">
         <name>.stack</name>
         <uninitialized>true</uninitialized>
         <run_address>0x200001b8</run_address>
         <size>0x0</size>
      </object_component>
      <object_component id="oc-169">
         <name>.common:String</name>
         <uninitialized>true</uninitialized>
         <run_address>0x2000021c</run_address>
         <size>0xc</size>
      </object_component>
      <object_component id="oc-a8">
         <name>.data</name>
         <load_address>0x200001a0</load_address>
         <run_address>0x200001a0</run_address>
         <size>0x8</size>
         <input_file_ref idref="fl-134"/>
      </object_component>
      <object_component id="oc-70">
         <name>.data</name>
         <load_address>0x200001b4</load_address>
         <run_address>0x200001b4</run_address>
         <size>0x4</size>
         <input_file_ref idref="fl-13c"/>
      </object_component>
      <object_component id="oc-1a0">
         <name>.data</name>
         <load_address>0x200000b0</load_address>
         <run_address>0x200000b0</run_address>
         <size>0x80</size>
         <input_file_ref idref="fl-141"/>
      </object_component>
      <object_component id="oc-a5">
         <name>.data</name>
         <load_address>0x20000198</load_address>
         <run_address>0x20000198</run_address>
         <size>0x8</size>
         <input_file_ref idref="fl-142"/>
      </object_component>
      <object_component id="oc-1d2">
         <name>.data</name>
         <load_address>0x200001b0</load_address>
         <run_address>0x200001b0</run_address>
         <size>0x4</size>
         <input_file_ref idref="fl-146"/>
      </object_component>
      <object_component id="oc-201">
         <name>.data</name>
         <load_address>0x200001a8</load_address>
         <run_address>0x200001a8</run_address>
         <size>0x8</size>
         <input_file_ref idref="fl-14b"/>
      </object_component>
      <object_component id="oc-236">
         <name>.data:sigtable</name>
         <load_address>0x20000000</load_address>
         <run_address>0x20000000</run_address>
         <size>0xb0</size>
         <input_file_ref idref="fl-14e"/>
      </object_component>
      <object_component id="oc-20c">
         <name>.data</name>
         <load_address>0x20000130</load_address>
         <run_address>0x20000130</run_address>
         <size>0x68</size>
         <input_file_ref idref="fl-153"/>
      </object_component>
      <object_component id="oc-16a">
         <name>.debug_info</name>
         <load_address>0x0</load_address>
         <run_address>0x0</run_address>
         <size>0xe0</size>
         <input_file_ref idref="fl-2"/>
      </object_component>
      <object_component id="oc-107">
         <name>.debug_info</name>
         <load_address>0xe0</load_address>
         <run_address>0xe0</run_address>
         <size>0x571</size>
         <input_file_ref idref="fl-2"/>
      </object_component>
      <object_component id="oc-77">
         <name>.debug_info</name>
         <load_address>0x651</load_address>
         <run_address>0x651</run_address>
         <size>0x84</size>
         <input_file_ref idref="fl-2"/>
      </object_component>
      <object_component id="oc-122">
         <name>.debug_info</name>
         <load_address>0x6d5</load_address>
         <run_address>0x6d5</run_address>
         <size>0x431</size>
         <input_file_ref idref="fl-3"/>
      </object_component>
      <object_component id="oc-9e">
         <name>.debug_info</name>
         <load_address>0xb06</load_address>
         <run_address>0xb06</run_address>
         <size>0x606</size>
         <input_file_ref idref="fl-3"/>
      </object_component>
      <object_component id="oc-b0">
         <name>.debug_info</name>
         <load_address>0x110c</load_address>
         <run_address>0x110c</run_address>
         <size>0x8b</size>
         <input_file_ref idref="fl-3"/>
      </object_component>
      <object_component id="oc-7c">
         <name>.debug_info</name>
         <load_address>0x1197</load_address>
         <run_address>0x1197</run_address>
         <size>0x18b</size>
         <input_file_ref idref="fl-3"/>
      </object_component>
      <object_component id="oc-32">
         <name>.debug_info</name>
         <load_address>0x1322</load_address>
         <run_address>0x1322</run_address>
         <size>0x101</size>
         <input_file_ref idref="fl-4"/>
      </object_component>
      <object_component id="oc-10">
         <name>.debug_info</name>
         <load_address>0x1423</load_address>
         <run_address>0x1423</run_address>
         <size>0xe6</size>
         <input_file_ref idref="fl-4"/>
      </object_component>
      <object_component id="oc-2b">
         <name>.debug_info</name>
         <load_address>0x1509</load_address>
         <run_address>0x1509</run_address>
         <size>0x262</size>
         <input_file_ref idref="fl-4"/>
      </object_component>
      <object_component id="oc-149">
         <name>.debug_info</name>
         <load_address>0x176b</load_address>
         <run_address>0x176b</run_address>
         <size>0x226</size>
         <input_file_ref idref="fl-a"/>
      </object_component>
      <object_component id="oc-140">
         <name>.debug_info</name>
         <load_address>0x1991</load_address>
         <run_address>0x1991</run_address>
         <size>0xff</size>
         <input_file_ref idref="fl-a"/>
      </object_component>
      <object_component id="oc-d7">
         <name>.debug_info</name>
         <load_address>0x1a90</load_address>
         <run_address>0x1a90</run_address>
         <size>0x1e1</size>
         <input_file_ref idref="fl-a"/>
      </object_component>
      <object_component id="oc-d1">
         <name>.debug_info</name>
         <load_address>0x1c71</load_address>
         <run_address>0x1c71</run_address>
         <size>0x1c7</size>
         <input_file_ref idref="fl-a"/>
      </object_component>
      <object_component id="oc-cb">
         <name>.debug_info</name>
         <load_address>0x1e38</load_address>
         <run_address>0x1e38</run_address>
         <size>0x363</size>
         <input_file_ref idref="fl-a"/>
      </object_component>
      <object_component id="oc-c4">
         <name>.debug_info</name>
         <load_address>0x219b</load_address>
         <run_address>0x219b</run_address>
         <size>0x219</size>
         <input_file_ref idref="fl-a"/>
      </object_component>
      <object_component id="oc-1b0">
         <name>.debug_info</name>
         <load_address>0x23b4</load_address>
         <run_address>0x23b4</run_address>
         <size>0x5f</size>
         <input_file_ref idref="fl-a"/>
      </object_component>
      <object_component id="oc-164">
         <name>.debug_info</name>
         <load_address>0x2413</load_address>
         <run_address>0x2413</run_address>
         <size>0x90</size>
         <input_file_ref idref="fl-a"/>
      </object_component>
      <object_component id="oc-143">
         <name>.debug_info</name>
         <load_address>0x24a3</load_address>
         <run_address>0x24a3</run_address>
         <size>0x18b</size>
         <input_file_ref idref="fl-a"/>
      </object_component>
      <object_component id="oc-15f">
         <name>.debug_info</name>
         <load_address>0x262e</load_address>
         <run_address>0x262e</run_address>
         <size>0x194</size>
         <input_file_ref idref="fl-b"/>
      </object_component>
      <object_component id="oc-f7">
         <name>.debug_info</name>
         <load_address>0x27c2</load_address>
         <run_address>0x27c2</run_address>
         <size>0x25a</size>
         <input_file_ref idref="fl-b"/>
      </object_component>
      <object_component id="oc-103">
         <name>.debug_info</name>
         <load_address>0x2a1c</load_address>
         <run_address>0x2a1c</run_address>
         <size>0x228</size>
         <input_file_ref idref="fl-b"/>
      </object_component>
      <object_component id="oc-f1">
         <name>.debug_info</name>
         <load_address>0x2c44</load_address>
         <run_address>0x2c44</run_address>
         <size>0x21a</size>
         <input_file_ref idref="fl-b"/>
      </object_component>
      <object_component id="oc-fd">
         <name>.debug_info</name>
         <load_address>0x2e5e</load_address>
         <run_address>0x2e5e</run_address>
         <size>0x1da</size>
         <input_file_ref idref="fl-b"/>
      </object_component>
      <object_component id="oc-eb">
         <name>.debug_info</name>
         <load_address>0x3038</load_address>
         <run_address>0x3038</run_address>
         <size>0x217</size>
         <input_file_ref idref="fl-b"/>
      </object_component>
      <object_component id="oc-150">
         <name>.debug_info</name>
         <load_address>0x324f</load_address>
         <run_address>0x324f</run_address>
         <size>0x1d7</size>
         <input_file_ref idref="fl-d"/>
      </object_component>
      <object_component id="oc-14d">
         <name>.debug_info</name>
         <load_address>0x3426</load_address>
         <run_address>0x3426</run_address>
         <size>0x10d</size>
         <input_file_ref idref="fl-d"/>
      </object_component>
      <object_component id="oc-152">
         <name>.debug_info</name>
         <load_address>0x3533</load_address>
         <run_address>0x3533</run_address>
         <size>0x217</size>
         <input_file_ref idref="fl-d"/>
      </object_component>
      <object_component id="oc-158">
         <name>.debug_info</name>
         <load_address>0x374a</load_address>
         <run_address>0x374a</run_address>
         <size>0x312</size>
         <input_file_ref idref="fl-d"/>
      </object_component>
      <object_component id="oc-e3">
         <name>.debug_info</name>
         <load_address>0x3a5c</load_address>
         <run_address>0x3a5c</run_address>
         <size>0x1dd</size>
         <input_file_ref idref="fl-d"/>
      </object_component>
      <object_component id="oc-dd">
         <name>.debug_info</name>
         <load_address>0x3c39</load_address>
         <run_address>0x3c39</run_address>
         <size>0x1e4</size>
         <input_file_ref idref="fl-d"/>
      </object_component>
      <object_component id="oc-26">
         <name>.debug_info</name>
         <load_address>0x3e1d</load_address>
         <run_address>0x3e1d</run_address>
         <size>0x134</size>
         <input_file_ref idref="fl-130"/>
      </object_component>
      <object_component id="oc-3e">
         <name>.debug_info</name>
         <load_address>0x3f51</load_address>
         <run_address>0x3f51</run_address>
         <size>0x121</size>
         <input_file_ref idref="fl-131"/>
      </object_component>
      <object_component id="oc-13">
         <name>.debug_info</name>
         <load_address>0x4072</load_address>
         <run_address>0x4072</run_address>
         <size>0x1c0</size>
         <input_file_ref idref="fl-131"/>
      </object_component>
      <object_component id="oc-39">
         <name>.debug_info</name>
         <load_address>0x4232</load_address>
         <run_address>0x4232</run_address>
         <size>0x46</size>
         <input_file_ref idref="fl-131"/>
      </object_component>
      <object_component id="oc-82">
         <name>.debug_info</name>
         <load_address>0x4278</load_address>
         <run_address>0x4278</run_address>
         <size>0x2c</size>
         <input_file_ref idref="fl-131"/>
      </object_component>
      <object_component id="oc-46">
         <name>.debug_info</name>
         <load_address>0x42a4</load_address>
         <run_address>0x42a4</run_address>
         <size>0x115</size>
         <input_file_ref idref="fl-132"/>
      </object_component>
      <object_component id="oc-42">
         <name>.debug_info</name>
         <load_address>0x43b9</load_address>
         <run_address>0x43b9</run_address>
         <size>0x228</size>
         <input_file_ref idref="fl-132"/>
      </object_component>
      <object_component id="oc-1a">
         <name>.debug_info</name>
         <load_address>0x45e1</load_address>
         <run_address>0x45e1</run_address>
         <size>0x192</size>
         <input_file_ref idref="fl-132"/>
      </object_component>
      <object_component id="oc-47">
         <name>.debug_info</name>
         <load_address>0x4773</load_address>
         <run_address>0x4773</run_address>
         <size>0x39</size>
         <input_file_ref idref="fl-132"/>
      </object_component>
      <object_component id="oc-8c">
         <name>.debug_info</name>
         <load_address>0x47ac</load_address>
         <run_address>0x47ac</run_address>
         <size>0x2c</size>
         <input_file_ref idref="fl-132"/>
      </object_component>
      <object_component id="oc-57">
         <name>.debug_info</name>
         <load_address>0x47d8</load_address>
         <run_address>0x47d8</run_address>
         <size>0x110</size>
         <input_file_ref idref="fl-133"/>
      </object_component>
      <object_component id="oc-22">
         <name>.debug_info</name>
         <load_address>0x48e8</load_address>
         <run_address>0x48e8</run_address>
         <size>0x18b</size>
         <input_file_ref idref="fl-133"/>
      </object_component>
      <object_component id="oc-52">
         <name>.debug_info</name>
         <load_address>0x4a73</load_address>
         <run_address>0x4a73</run_address>
         <size>0x46</size>
         <input_file_ref idref="fl-133"/>
      </object_component>
      <object_component id="oc-ac">
         <name>.debug_info</name>
         <load_address>0x4ab9</load_address>
         <run_address>0x4ab9</run_address>
         <size>0x172</size>
         <input_file_ref idref="fl-134"/>
      </object_component>
      <object_component id="oc-a9">
         <name>.debug_info</name>
         <load_address>0x4c2b</load_address>
         <run_address>0x4c2b</run_address>
         <size>0x117</size>
         <input_file_ref idref="fl-134"/>
      </object_component>
      <object_component id="oc-6b">
         <name>.debug_info</name>
         <load_address>0x4d42</load_address>
         <run_address>0x4d42</run_address>
         <size>0x1ee</size>
         <input_file_ref idref="fl-134"/>
      </object_component>
      <object_component id="oc-118">
         <name>.debug_info</name>
         <load_address>0x4f30</load_address>
         <run_address>0x4f30</run_address>
         <size>0x117</size>
         <input_file_ref idref="fl-135"/>
      </object_component>
      <object_component id="oc-11d">
         <name>.debug_info</name>
         <load_address>0x5047</load_address>
         <run_address>0x5047</run_address>
         <size>0x116</size>
         <input_file_ref idref="fl-136"/>
      </object_component>
      <object_component id="oc-10d">
         <name>.debug_info</name>
         <load_address>0x515d</load_address>
         <run_address>0x515d</run_address>
         <size>0x109</size>
         <input_file_ref idref="fl-137"/>
      </object_component>
      <object_component id="oc-35">
         <name>.debug_info</name>
         <load_address>0x5266</load_address>
         <run_address>0x5266</run_address>
         <size>0xf6</size>
         <input_file_ref idref="fl-138"/>
      </object_component>
      <object_component id="oc-4d">
         <name>.debug_info</name>
         <load_address>0x535c</load_address>
         <run_address>0x535c</run_address>
         <size>0x124</size>
         <input_file_ref idref="fl-139"/>
      </object_component>
      <object_component id="oc-1a4">
         <name>.debug_info</name>
         <load_address>0x5480</load_address>
         <run_address>0x5480</run_address>
         <size>0x1d3</size>
         <input_file_ref idref="fl-13a"/>
      </object_component>
      <object_component id="oc-112">
         <name>.debug_info</name>
         <load_address>0x5653</load_address>
         <run_address>0x5653</run_address>
         <size>0x563</size>
         <input_file_ref idref="fl-13a"/>
      </object_component>
      <object_component id="oc-1ee">
         <name>.debug_info</name>
         <load_address>0x5bb6</load_address>
         <run_address>0x5bb6</run_address>
         <size>0x86</size>
         <input_file_ref idref="fl-13a"/>
      </object_component>
      <object_component id="oc-59">
         <name>.debug_info</name>
         <load_address>0x5c3c</load_address>
         <run_address>0x5c3c</run_address>
         <size>0x129</size>
         <input_file_ref idref="fl-13b"/>
      </object_component>
      <object_component id="oc-71">
         <name>.debug_info</name>
         <load_address>0x5d65</load_address>
         <run_address>0x5d65</run_address>
         <size>0xea</size>
         <input_file_ref idref="fl-13c"/>
      </object_component>
      <object_component id="oc-1c9">
         <name>.debug_info</name>
         <load_address>0x5e4f</load_address>
         <run_address>0x5e4f</run_address>
         <size>0x13b</size>
         <input_file_ref idref="fl-13d"/>
      </object_component>
      <object_component id="oc-175">
         <name>.debug_info</name>
         <load_address>0x5f8a</load_address>
         <run_address>0x5f8a</run_address>
         <size>0x1a2</size>
         <input_file_ref idref="fl-13d"/>
      </object_component>
      <object_component id="oc-1c6">
         <name>.debug_info</name>
         <load_address>0x612c</load_address>
         <run_address>0x612c</run_address>
         <size>0xfb</size>
         <input_file_ref idref="fl-13e"/>
      </object_component>
      <object_component id="oc-170">
         <name>.debug_info</name>
         <load_address>0x6227</load_address>
         <run_address>0x6227</run_address>
         <size>0x173</size>
         <input_file_ref idref="fl-13e"/>
      </object_component>
      <object_component id="oc-1ea">
         <name>.debug_info</name>
         <load_address>0x639a</load_address>
         <run_address>0x639a</run_address>
         <size>0x173</size>
         <input_file_ref idref="fl-13f"/>
      </object_component>
      <object_component id="oc-1e7">
         <name>.debug_info</name>
         <load_address>0x650d</load_address>
         <run_address>0x650d</run_address>
         <size>0x13d</size>
         <input_file_ref idref="fl-13f"/>
      </object_component>
      <object_component id="oc-19b">
         <name>.debug_info</name>
         <load_address>0x664a</load_address>
         <run_address>0x664a</run_address>
         <size>0x3c6</size>
         <input_file_ref idref="fl-13f"/>
      </object_component>
      <object_component id="oc-180">
         <name>.debug_info</name>
         <load_address>0x6a10</load_address>
         <run_address>0x6a10</run_address>
         <size>0x153</size>
         <input_file_ref idref="fl-140"/>
      </object_component>
      <object_component id="oc-1a1">
         <name>.debug_info</name>
         <load_address>0x6b63</load_address>
         <run_address>0x6b63</run_address>
         <size>0x1b5</size>
         <input_file_ref idref="fl-141"/>
      </object_component>
      <object_component id="oc-132">
         <name>.debug_info</name>
         <load_address>0x6d18</load_address>
         <run_address>0x6d18</run_address>
         <size>0x105</size>
         <input_file_ref idref="fl-142"/>
      </object_component>
      <object_component id="oc-a6">
         <name>.debug_info</name>
         <load_address>0x6e1d</load_address>
         <run_address>0x6e1d</run_address>
         <size>0xf4</size>
         <input_file_ref idref="fl-142"/>
      </object_component>
      <object_component id="oc-12b">
         <name>.debug_info</name>
         <load_address>0x6f11</load_address>
         <run_address>0x6f11</run_address>
         <size>0x200</size>
         <input_file_ref idref="fl-142"/>
      </object_component>
      <object_component id="oc-a4">
         <name>.debug_info</name>
         <load_address>0x7111</load_address>
         <run_address>0x7111</run_address>
         <size>0x147</size>
         <input_file_ref idref="fl-143"/>
      </object_component>
      <object_component id="oc-66">
         <name>.debug_info</name>
         <load_address>0x7258</load_address>
         <run_address>0x7258</run_address>
         <size>0x148</size>
         <input_file_ref idref="fl-143"/>
      </object_component>
      <object_component id="oc-125">
         <name>.debug_info</name>
         <load_address>0x73a0</load_address>
         <run_address>0x73a0</run_address>
         <size>0x5e</size>
         <input_file_ref idref="fl-143"/>
      </object_component>
      <object_component id="oc-9c">
         <name>.debug_info</name>
         <load_address>0x73fe</load_address>
         <run_address>0x73fe</run_address>
         <size>0x29e</size>
         <input_file_ref idref="fl-144"/>
      </object_component>
      <object_component id="oc-60">
         <name>.debug_info</name>
         <load_address>0x769c</load_address>
         <run_address>0x769c</run_address>
         <size>0x158</size>
         <input_file_ref idref="fl-144"/>
      </object_component>
      <object_component id="oc-b9">
         <name>.debug_info</name>
         <load_address>0x77f4</load_address>
         <run_address>0x77f4</run_address>
         <size>0x39</size>
         <input_file_ref idref="fl-144"/>
      </object_component>
      <object_component id="oc-be">
         <name>.debug_info</name>
         <load_address>0x782d</load_address>
         <run_address>0x782d</run_address>
         <size>0xcd</size>
         <input_file_ref idref="fl-144"/>
      </object_component>
      <object_component id="oc-b6">
         <name>.debug_info</name>
         <load_address>0x78fa</load_address>
         <run_address>0x78fa</run_address>
         <size>0x1c1</size>
         <input_file_ref idref="fl-145"/>
      </object_component>
      <object_component id="oc-96">
         <name>.debug_info</name>
         <load_address>0x7abb</load_address>
         <run_address>0x7abb</run_address>
         <size>0x164</size>
         <input_file_ref idref="fl-145"/>
      </object_component>
      <object_component id="oc-13a">
         <name>.debug_info</name>
         <load_address>0x7c1f</load_address>
         <run_address>0x7c1f</run_address>
         <size>0x2c</size>
         <input_file_ref idref="fl-145"/>
      </object_component>
      <object_component id="oc-1d3">
         <name>.debug_info</name>
         <load_address>0x7c4b</load_address>
         <run_address>0x7c4b</run_address>
         <size>0xd6</size>
         <input_file_ref idref="fl-146"/>
      </object_component>
      <object_component id="oc-186">
         <name>.debug_info</name>
         <load_address>0x7d21</load_address>
         <run_address>0x7d21</run_address>
         <size>0x129</size>
         <input_file_ref idref="fl-147"/>
      </object_component>
      <object_component id="oc-17d">
         <name>.debug_info</name>
         <load_address>0x7e4a</load_address>
         <run_address>0x7e4a</run_address>
         <size>0x105</size>
         <input_file_ref idref="fl-148"/>
      </object_component>
      <object_component id="oc-196">
         <name>.debug_info</name>
         <load_address>0x7f4f</load_address>
         <run_address>0x7f4f</run_address>
         <size>0x117</size>
         <input_file_ref idref="fl-149"/>
      </object_component>
      <object_component id="oc-18b">
         <name>.debug_info</name>
         <load_address>0x8066</load_address>
         <run_address>0x8066</run_address>
         <size>0x10b</size>
         <input_file_ref idref="fl-14a"/>
      </object_component>
      <object_component id="oc-22b">
         <name>.debug_info</name>
         <load_address>0x8171</load_address>
         <run_address>0x8171</run_address>
         <size>0x13e</size>
         <input_file_ref idref="fl-14b"/>
      </object_component>
      <object_component id="oc-202">
         <name>.debug_info</name>
         <load_address>0x82af</load_address>
         <run_address>0x82af</run_address>
         <size>0x10e</size>
         <input_file_ref idref="fl-14b"/>
      </object_component>
      <object_component id="oc-1cd">
         <name>.debug_info</name>
         <load_address>0x83bd</load_address>
         <run_address>0x83bd</run_address>
         <size>0x16f</size>
         <input_file_ref idref="fl-14b"/>
      </object_component>
      <object_component id="oc-226">
         <name>.debug_info</name>
         <load_address>0x852c</load_address>
         <run_address>0x852c</run_address>
         <size>0x6f</size>
         <input_file_ref idref="fl-14b"/>
      </object_component>
      <object_component id="oc-190">
         <name>.debug_info</name>
         <load_address>0x859b</load_address>
         <run_address>0x859b</run_address>
         <size>0x11b</size>
         <input_file_ref idref="fl-14c"/>
      </object_component>
      <object_component id="oc-223">
         <name>.debug_info</name>
         <load_address>0x86b6</load_address>
         <run_address>0x86b6</run_address>
         <size>0xfd</size>
         <input_file_ref idref="fl-14d"/>
      </object_component>
      <object_component id="oc-1fc">
         <name>.debug_info</name>
         <load_address>0x87b3</load_address>
         <run_address>0x87b3</run_address>
         <size>0x154</size>
         <input_file_ref idref="fl-14d"/>
      </object_component>
      <object_component id="oc-23d">
         <name>.debug_info</name>
         <load_address>0x8907</load_address>
         <run_address>0x8907</run_address>
         <size>0x2c</size>
         <input_file_ref idref="fl-14d"/>
      </object_component>
      <object_component id="oc-23a">
         <name>.debug_info</name>
         <load_address>0x8933</load_address>
         <run_address>0x8933</run_address>
         <size>0x11d</size>
         <input_file_ref idref="fl-14e"/>
      </object_component>
      <object_component id="oc-237">
         <name>.debug_info</name>
         <load_address>0x8a50</load_address>
         <run_address>0x8a50</run_address>
         <size>0xdb</size>
         <input_file_ref idref="fl-14e"/>
      </object_component>
      <object_component id="oc-21e">
         <name>.debug_info</name>
         <load_address>0x8b2b</load_address>
         <run_address>0x8b2b</run_address>
         <size>0x16a</size>
         <input_file_ref idref="fl-14e"/>
      </object_component>
      <object_component id="oc-1f6">
         <name>.debug_info</name>
         <load_address>0x8c95</load_address>
         <run_address>0x8c95</run_address>
         <size>0xc6</size>
         <input_file_ref idref="fl-14f"/>
      </object_component>
      <object_component id="oc-1c3">
         <name>.debug_info</name>
         <load_address>0x8d5b</load_address>
         <run_address>0x8d5b</run_address>
         <size>0x14d</size>
         <input_file_ref idref="fl-14f"/>
      </object_component>
      <object_component id="oc-215">
         <name>.debug_info</name>
         <load_address>0x8ea8</load_address>
         <run_address>0x8ea8</run_address>
         <size>0x111</size>
         <input_file_ref idref="fl-150"/>
      </object_component>
      <object_component id="oc-1e4">
         <name>.debug_info</name>
         <load_address>0x8fb9</load_address>
         <run_address>0x8fb9</run_address>
         <size>0x192</size>
         <input_file_ref idref="fl-150"/>
      </object_component>
      <object_component id="oc-213">
         <name>.debug_info</name>
         <load_address>0x914b</load_address>
         <run_address>0x914b</run_address>
         <size>0x164</size>
         <input_file_ref idref="fl-151"/>
      </object_component>
      <object_component id="oc-210">
         <name>.debug_info</name>
         <load_address>0x92af</load_address>
         <run_address>0x92af</run_address>
         <size>0xcb</size>
         <input_file_ref idref="fl-151"/>
      </object_component>
      <object_component id="oc-1d9">
         <name>.debug_info</name>
         <load_address>0x937a</load_address>
         <run_address>0x937a</run_address>
         <size>0x4d1</size>
         <input_file_ref idref="fl-151"/>
      </object_component>
      <object_component id="oc-208">
         <name>.debug_info</name>
         <load_address>0x984b</load_address>
         <run_address>0x984b</run_address>
         <size>0x109</size>
         <input_file_ref idref="fl-152"/>
      </object_component>
      <object_component id="oc-20d">
         <name>.debug_info</name>
         <load_address>0x9954</load_address>
         <run_address>0x9954</run_address>
         <size>0x1a5</size>
         <input_file_ref idref="fl-153"/>
      </object_component>
      <object_component id="oc-26e">
         <name>.debug_info</name>
         <load_address>0x9af9</load_address>
         <run_address>0x9af9</run_address>
         <size>0xa0</size>
      </object_component>
      <object_component id="oc-1be">
         <name>.debug_line</name>
         <load_address>0x0</load_address>
         <run_address>0x0</run_address>
         <size>0x2d</size>
         <input_file_ref idref="fl-2"/>
      </object_component>
      <object_component id="oc-10a">
         <name>.debug_line</name>
         <load_address>0x2d</load_address>
         <run_address>0x2d</run_address>
         <size>0x172</size>
         <input_file_ref idref="fl-2"/>
      </object_component>
      <object_component id="oc-7a">
         <name>.debug_line</name>
         <load_address>0x19f</load_address>
         <run_address>0x19f</run_address>
         <size>0x20</size>
         <input_file_ref idref="fl-2"/>
      </object_component>
      <object_component id="oc-1a8">
         <name>.debug_line</name>
         <load_address>0x1bf</load_address>
         <run_address>0x1bf</run_address>
         <size>0x114</size>
         <input_file_ref idref="fl-3"/>
      </object_component>
      <object_component id="oc-a1">
         <name>.debug_line</name>
         <load_address>0x2d3</load_address>
         <run_address>0x2d3</run_address>
         <size>0xbf</size>
         <input_file_ref idref="fl-3"/>
      </object_component>
      <object_component id="oc-b3">
         <name>.debug_line</name>
         <load_address>0x392</load_address>
         <run_address>0x392</run_address>
         <size>0x20</size>
         <input_file_ref idref="fl-3"/>
      </object_component>
      <object_component id="oc-7f">
         <name>.debug_line</name>
         <load_address>0x3b2</load_address>
         <run_address>0x3b2</run_address>
         <size>0x60</size>
         <input_file_ref idref="fl-3"/>
      </object_component>
      <object_component id="oc-76">
         <name>.debug_line</name>
         <load_address>0x412</load_address>
         <run_address>0x412</run_address>
         <size>0x41</size>
         <input_file_ref idref="fl-4"/>
      </object_component>
      <object_component id="oc-31">
         <name>.debug_line</name>
         <load_address>0x453</load_address>
         <run_address>0x453</run_address>
         <size>0x41</size>
         <input_file_ref idref="fl-4"/>
      </object_component>
      <object_component id="oc-2e">
         <name>.debug_line</name>
         <load_address>0x494</load_address>
         <run_address>0x494</run_address>
         <size>0xa1</size>
         <input_file_ref idref="fl-4"/>
      </object_component>
      <object_component id="oc-1af">
         <name>.debug_line</name>
         <load_address>0x535</load_address>
         <run_address>0x535</run_address>
         <size>0xc8</size>
         <input_file_ref idref="fl-a"/>
      </object_component>
      <object_component id="oc-1ad">
         <name>.debug_line</name>
         <load_address>0x5fd</load_address>
         <run_address>0x5fd</run_address>
         <size>0x58</size>
         <input_file_ref idref="fl-a"/>
      </object_component>
      <object_component id="oc-da">
         <name>.debug_line</name>
         <load_address>0x655</load_address>
         <run_address>0x655</run_address>
         <size>0x6d</size>
         <input_file_ref idref="fl-a"/>
      </object_component>
      <object_component id="oc-d4">
         <name>.debug_line</name>
         <load_address>0x6c2</load_address>
         <run_address>0x6c2</run_address>
         <size>0x6d</size>
         <input_file_ref idref="fl-a"/>
      </object_component>
      <object_component id="oc-ce">
         <name>.debug_line</name>
         <load_address>0x72f</load_address>
         <run_address>0x72f</run_address>
         <size>0xb9</size>
         <input_file_ref idref="fl-a"/>
      </object_component>
      <object_component id="oc-c7">
         <name>.debug_line</name>
         <load_address>0x7e8</load_address>
         <run_address>0x7e8</run_address>
         <size>0xf1</size>
         <input_file_ref idref="fl-a"/>
      </object_component>
      <object_component id="oc-1b3">
         <name>.debug_line</name>
         <load_address>0x8d9</load_address>
         <run_address>0x8d9</run_address>
         <size>0x58</size>
         <input_file_ref idref="fl-a"/>
      </object_component>
      <object_component id="oc-167">
         <name>.debug_line</name>
         <load_address>0x931</load_address>
         <run_address>0x931</run_address>
         <size>0x20</size>
         <input_file_ref idref="fl-a"/>
      </object_component>
      <object_component id="oc-146">
         <name>.debug_line</name>
         <load_address>0x951</load_address>
         <run_address>0x951</run_address>
         <size>0x5e</size>
         <input_file_ref idref="fl-a"/>
      </object_component>
      <object_component id="oc-1bc">
         <name>.debug_line</name>
         <load_address>0x9af</load_address>
         <run_address>0x9af</run_address>
         <size>0x5b</size>
         <input_file_ref idref="fl-b"/>
      </object_component>
      <object_component id="oc-f9">
         <name>.debug_line</name>
         <load_address>0xa0a</load_address>
         <run_address>0xa0a</run_address>
         <size>0x77</size>
         <input_file_ref idref="fl-b"/>
      </object_component>
      <object_component id="oc-105">
         <name>.debug_line</name>
         <load_address>0xa81</load_address>
         <run_address>0xa81</run_address>
         <size>0x6e</size>
         <input_file_ref idref="fl-b"/>
      </object_component>
      <object_component id="oc-ef">
         <name>.debug_line</name>
         <load_address>0xaef</load_address>
         <run_address>0xaef</run_address>
         <size>0x6f</size>
         <input_file_ref idref="fl-b"/>
      </object_component>
      <object_component id="oc-fb">
         <name>.debug_line</name>
         <load_address>0xb5e</load_address>
         <run_address>0xb5e</run_address>
         <size>0x6a</size>
         <input_file_ref idref="fl-b"/>
      </object_component>
      <object_component id="oc-e9">
         <name>.debug_line</name>
         <load_address>0xbc8</load_address>
         <run_address>0xbc8</run_address>
         <size>0x74</size>
         <input_file_ref idref="fl-b"/>
      </object_component>
      <object_component id="oc-1b8">
         <name>.debug_line</name>
         <load_address>0xc3c</load_address>
         <run_address>0xc3c</run_address>
         <size>0x5b</size>
         <input_file_ref idref="fl-d"/>
      </object_component>
      <object_component id="oc-1b6">
         <name>.debug_line</name>
         <load_address>0xc97</load_address>
         <run_address>0xc97</run_address>
         <size>0x56</size>
         <input_file_ref idref="fl-d"/>
      </object_component>
      <object_component id="oc-155">
         <name>.debug_line</name>
         <load_address>0xced</load_address>
         <run_address>0xced</run_address>
         <size>0x6e</size>
         <input_file_ref idref="fl-d"/>
      </object_component>
      <object_component id="oc-15b">
         <name>.debug_line</name>
         <load_address>0xd5b</load_address>
         <run_address>0xd5b</run_address>
         <size>0xaf</size>
         <input_file_ref idref="fl-d"/>
      </object_component>
      <object_component id="oc-e6">
         <name>.debug_line</name>
         <load_address>0xe0a</load_address>
         <run_address>0xe0a</run_address>
         <size>0x6c</size>
         <input_file_ref idref="fl-d"/>
      </object_component>
      <object_component id="oc-e0">
         <name>.debug_line</name>
         <load_address>0xe76</load_address>
         <run_address>0xe76</run_address>
         <size>0x80</size>
         <input_file_ref idref="fl-d"/>
      </object_component>
      <object_component id="oc-28">
         <name>.debug_line</name>
         <load_address>0xef6</load_address>
         <run_address>0xef6</run_address>
         <size>0x52</size>
         <input_file_ref idref="fl-130"/>
      </object_component>
      <object_component id="oc-88">
         <name>.debug_line</name>
         <load_address>0xf48</load_address>
         <run_address>0xf48</run_address>
         <size>0x80</size>
         <input_file_ref idref="fl-131"/>
      </object_component>
      <object_component id="oc-17">
         <name>.debug_line</name>
         <load_address>0xfc8</load_address>
         <run_address>0xfc8</run_address>
         <size>0x55</size>
         <input_file_ref idref="fl-131"/>
      </object_component>
      <object_component id="oc-3c">
         <name>.debug_line</name>
         <load_address>0x101d</load_address>
         <run_address>0x101d</run_address>
         <size>0x3a</size>
         <input_file_ref idref="fl-131"/>
      </object_component>
      <object_component id="oc-85">
         <name>.debug_line</name>
         <load_address>0x1057</load_address>
         <run_address>0x1057</run_address>
         <size>0x80</size>
         <input_file_ref idref="fl-131"/>
      </object_component>
      <object_component id="oc-8b">
         <name>.debug_line</name>
         <load_address>0x10d7</load_address>
         <run_address>0x10d7</run_address>
         <size>0x80</size>
         <input_file_ref idref="fl-132"/>
      </object_component>
      <object_component id="oc-40">
         <name>.debug_line</name>
         <load_address>0x1157</load_address>
         <run_address>0x1157</run_address>
         <size>0x98</size>
         <input_file_ref idref="fl-132"/>
      </object_component>
      <object_component id="oc-1d">
         <name>.debug_line</name>
         <load_address>0x11ef</load_address>
         <run_address>0x11ef</run_address>
         <size>0x4b</size>
         <input_file_ref idref="fl-132"/>
      </object_component>
      <object_component id="oc-4a">
         <name>.debug_line</name>
         <load_address>0x123a</load_address>
         <run_address>0x123a</run_address>
         <size>0x39</size>
         <input_file_ref idref="fl-132"/>
      </object_component>
      <object_component id="oc-8f">
         <name>.debug_line</name>
         <load_address>0x1273</load_address>
         <run_address>0x1273</run_address>
         <size>0x80</size>
         <input_file_ref idref="fl-132"/>
      </object_component>
      <object_component id="oc-93">
         <name>.debug_line</name>
         <load_address>0x12f3</load_address>
         <run_address>0x12f3</run_address>
         <size>0x80</size>
         <input_file_ref idref="fl-133"/>
      </object_component>
      <object_component id="oc-21">
         <name>.debug_line</name>
         <load_address>0x1373</load_address>
         <run_address>0x1373</run_address>
         <size>0x4f</size>
         <input_file_ref idref="fl-133"/>
      </object_component>
      <object_component id="oc-55">
         <name>.debug_line</name>
         <load_address>0x13c2</load_address>
         <run_address>0x13c2</run_address>
         <size>0x34</size>
         <input_file_ref idref="fl-133"/>
      </object_component>
      <object_component id="oc-137">
         <name>.debug_line</name>
         <load_address>0x13f6</load_address>
         <run_address>0x13f6</run_address>
         <size>0x7f</size>
         <input_file_ref idref="fl-134"/>
      </object_component>
      <object_component id="oc-135">
         <name>.debug_line</name>
         <load_address>0x1475</load_address>
         <run_address>0x1475</run_address>
         <size>0x2a</size>
         <input_file_ref idref="fl-134"/>
      </object_component>
      <object_component id="oc-6e">
         <name>.debug_line</name>
         <load_address>0x149f</load_address>
         <run_address>0x149f</run_address>
         <size>0x7a</size>
         <input_file_ref idref="fl-134"/>
      </object_component>
      <object_component id="oc-11b">
         <name>.debug_line</name>
         <load_address>0x1519</load_address>
         <run_address>0x1519</run_address>
         <size>0x8e</size>
         <input_file_ref idref="fl-135"/>
      </object_component>
      <object_component id="oc-120">
         <name>.debug_line</name>
         <load_address>0x15a7</load_address>
         <run_address>0x15a7</run_address>
         <size>0x59</size>
         <input_file_ref idref="fl-136"/>
      </object_component>
      <object_component id="oc-110">
         <name>.debug_line</name>
         <load_address>0x1600</load_address>
         <run_address>0x1600</run_address>
         <size>0x50</size>
         <input_file_ref idref="fl-137"/>
      </object_component>
      <object_component id="oc-34">
         <name>.debug_line</name>
         <load_address>0x1650</load_address>
         <run_address>0x1650</run_address>
         <size>0x88</size>
         <input_file_ref idref="fl-138"/>
      </object_component>
      <object_component id="oc-50">
         <name>.debug_line</name>
         <load_address>0x16d8</load_address>
         <run_address>0x16d8</run_address>
         <size>0x79</size>
         <input_file_ref idref="fl-139"/>
      </object_component>
      <object_component id="oc-1f4">
         <name>.debug_line</name>
         <load_address>0x1751</load_address>
         <run_address>0x1751</run_address>
         <size>0x13c</size>
         <input_file_ref idref="fl-13a"/>
      </object_component>
      <object_component id="oc-116">
         <name>.debug_line</name>
         <load_address>0x188d</load_address>
         <run_address>0x188d</run_address>
         <size>0x18c</size>
         <input_file_ref idref="fl-13a"/>
      </object_component>
      <object_component id="oc-1f1">
         <name>.debug_line</name>
         <load_address>0x1a19</load_address>
         <run_address>0x1a19</run_address>
         <size>0x7f</size>
         <input_file_ref idref="fl-13a"/>
      </object_component>
      <object_component id="oc-5c">
         <name>.debug_line</name>
         <load_address>0x1a98</load_address>
         <run_address>0x1a98</run_address>
         <size>0x40</size>
         <input_file_ref idref="fl-13b"/>
      </object_component>
      <object_component id="oc-af">
         <name>.debug_line</name>
         <load_address>0x1ad8</load_address>
         <run_address>0x1ad8</run_address>
         <size>0x33</size>
         <input_file_ref idref="fl-13c"/>
      </object_component>
      <object_component id="oc-1fa">
         <name>.debug_line</name>
         <load_address>0x1b0b</load_address>
         <run_address>0x1b0b</run_address>
         <size>0x20</size>
         <input_file_ref idref="fl-13d"/>
      </object_component>
      <object_component id="oc-178">
         <name>.debug_line</name>
         <load_address>0x1b2b</load_address>
         <run_address>0x1b2b</run_address>
         <size>0x79</size>
         <input_file_ref idref="fl-13d"/>
      </object_component>
      <object_component id="oc-1f8">
         <name>.debug_line</name>
         <load_address>0x1ba4</load_address>
         <run_address>0x1ba4</run_address>
         <size>0x2b</size>
         <input_file_ref idref="fl-13e"/>
      </object_component>
      <object_component id="oc-16f">
         <name>.debug_line</name>
         <load_address>0x1bcf</load_address>
         <run_address>0x1bcf</run_address>
         <size>0x55</size>
         <input_file_ref idref="fl-13e"/>
      </object_component>
      <object_component id="oc-219">
         <name>.debug_line</name>
         <load_address>0x1c24</load_address>
         <run_address>0x1c24</run_address>
         <size>0x8a</size>
         <input_file_ref idref="fl-13f"/>
      </object_component>
      <object_component id="oc-217">
         <name>.debug_line</name>
         <load_address>0x1cae</load_address>
         <run_address>0x1cae</run_address>
         <size>0x2c</size>
         <input_file_ref idref="fl-13f"/>
      </object_component>
      <object_component id="oc-19e">
         <name>.debug_line</name>
         <load_address>0x1cda</load_address>
         <run_address>0x1cda</run_address>
         <size>0x82</size>
         <input_file_ref idref="fl-13f"/>
      </object_component>
      <object_component id="oc-183">
         <name>.debug_line</name>
         <load_address>0x1d5c</load_address>
         <run_address>0x1d5c</run_address>
         <size>0x4e</size>
         <input_file_ref idref="fl-140"/>
      </object_component>
      <object_component id="oc-1ed">
         <name>.debug_line</name>
         <load_address>0x1daa</load_address>
         <run_address>0x1daa</run_address>
         <size>0x2d</size>
         <input_file_ref idref="fl-141"/>
      </object_component>
      <object_component id="oc-1ab">
         <name>.debug_line</name>
         <load_address>0x1dd7</load_address>
         <run_address>0x1dd7</run_address>
         <size>0x20</size>
         <input_file_ref idref="fl-142"/>
      </object_component>
      <object_component id="oc-131">
         <name>.debug_line</name>
         <load_address>0x1df7</load_address>
         <run_address>0x1df7</run_address>
         <size>0x2b</size>
         <input_file_ref idref="fl-142"/>
      </object_component>
      <object_component id="oc-12f">
         <name>.debug_line</name>
         <load_address>0x1e22</load_address>
         <run_address>0x1e22</run_address>
         <size>0x68</size>
         <input_file_ref idref="fl-142"/>
      </object_component>
      <object_component id="oc-124">
         <name>.debug_line</name>
         <load_address>0x1e8a</load_address>
         <run_address>0x1e8a</run_address>
         <size>0x2b</size>
         <input_file_ref idref="fl-143"/>
      </object_component>
      <object_component id="oc-65">
         <name>.debug_line</name>
         <load_address>0x1eb5</load_address>
         <run_address>0x1eb5</run_address>
         <size>0x50</size>
         <input_file_ref idref="fl-143"/>
      </object_component>
      <object_component id="oc-128">
         <name>.debug_line</name>
         <load_address>0x1f05</load_address>
         <run_address>0x1f05</run_address>
         <size>0x2b</size>
         <input_file_ref idref="fl-143"/>
      </object_component>
      <object_component id="oc-b8">
         <name>.debug_line</name>
         <load_address>0x1f30</load_address>
         <run_address>0x1f30</run_address>
         <size>0x8f</size>
         <input_file_ref idref="fl-144"/>
      </object_component>
      <object_component id="oc-5f">
         <name>.debug_line</name>
         <load_address>0x1fbf</load_address>
         <run_address>0x1fbf</run_address>
         <size>0x79</size>
         <input_file_ref idref="fl-144"/>
      </object_component>
      <object_component id="oc-bc">
         <name>.debug_line</name>
         <load_address>0x2038</load_address>
         <run_address>0x2038</run_address>
         <size>0x2e</size>
         <input_file_ref idref="fl-144"/>
      </object_component>
      <object_component id="oc-c1">
         <name>.debug_line</name>
         <load_address>0x2066</load_address>
         <run_address>0x2066</run_address>
         <size>0x81</size>
         <input_file_ref idref="fl-144"/>
      </object_component>
      <object_component id="oc-139">
         <name>.debug_line</name>
         <load_address>0x20e7</load_address>
         <run_address>0x20e7</run_address>
         <size>0x8e</size>
         <input_file_ref idref="fl-145"/>
      </object_component>
      <object_component id="oc-99">
         <name>.debug_line</name>
         <load_address>0x2175</load_address>
         <run_address>0x2175</run_address>
         <size>0x68</size>
         <input_file_ref idref="fl-145"/>
      </object_component>
      <object_component id="oc-13d">
         <name>.debug_line</name>
         <load_address>0x21dd</load_address>
         <run_address>0x21dd</run_address>
         <size>0x2e</size>
         <input_file_ref idref="fl-145"/>
      </object_component>
      <object_component id="oc-206">
         <name>.debug_line</name>
         <load_address>0x220b</load_address>
         <run_address>0x220b</run_address>
         <size>0x2b</size>
         <input_file_ref idref="fl-146"/>
      </object_component>
      <object_component id="oc-189">
         <name>.debug_line</name>
         <load_address>0x2236</load_address>
         <run_address>0x2236</run_address>
         <size>0xd2</size>
         <input_file_ref idref="fl-147"/>
      </object_component>
      <object_component id="oc-17b">
         <name>.debug_line</name>
         <load_address>0x2308</load_address>
         <run_address>0x2308</run_address>
         <size>0x77</size>
         <input_file_ref idref="fl-148"/>
      </object_component>
      <object_component id="oc-199">
         <name>.debug_line</name>
         <load_address>0x237f</load_address>
         <run_address>0x237f</run_address>
         <size>0xa8</size>
         <input_file_ref idref="fl-149"/>
      </object_component>
      <object_component id="oc-18e">
         <name>.debug_line</name>
         <load_address>0x2427</load_address>
         <run_address>0x2427</run_address>
         <size>0x5a</size>
         <input_file_ref idref="fl-14a"/>
      </object_component>
      <object_component id="oc-243">
         <name>.debug_line</name>
         <load_address>0x2481</load_address>
         <run_address>0x2481</run_address>
         <size>0x80</size>
         <input_file_ref idref="fl-14b"/>
      </object_component>
      <object_component id="oc-225">
         <name>.debug_line</name>
         <load_address>0x2501</load_address>
         <run_address>0x2501</run_address>
         <size>0x33</size>
         <input_file_ref idref="fl-14b"/>
      </object_component>
      <object_component id="oc-1d0">
         <name>.debug_line</name>
         <load_address>0x2534</load_address>
         <run_address>0x2534</run_address>
         <size>0x54</size>
         <input_file_ref idref="fl-14b"/>
      </object_component>
      <object_component id="oc-229">
         <name>.debug_line</name>
         <load_address>0x2588</load_address>
         <run_address>0x2588</run_address>
         <size>0x7e</size>
         <input_file_ref idref="fl-14b"/>
      </object_component>
      <object_component id="oc-193">
         <name>.debug_line</name>
         <load_address>0x2606</load_address>
         <run_address>0x2606</run_address>
         <size>0x3b</size>
         <input_file_ref idref="fl-14c"/>
      </object_component>
      <object_component id="oc-23c">
         <name>.debug_line</name>
         <load_address>0x2641</load_address>
         <run_address>0x2641</run_address>
         <size>0x80</size>
         <input_file_ref idref="fl-14d"/>
      </object_component>
      <object_component id="oc-200">
         <name>.debug_line</name>
         <load_address>0x26c1</load_address>
         <run_address>0x26c1</run_address>
         <size>0x53</size>
         <input_file_ref idref="fl-14d"/>
      </object_component>
      <object_component id="oc-240">
         <name>.debug_line</name>
         <load_address>0x2714</load_address>
         <run_address>0x2714</run_address>
         <size>0x80</size>
         <input_file_ref idref="fl-14d"/>
      </object_component>
      <object_component id="oc-247">
         <name>.debug_line</name>
         <load_address>0x2794</load_address>
         <run_address>0x2794</run_address>
         <size>0x7f</size>
         <input_file_ref idref="fl-14e"/>
      </object_component>
      <object_component id="oc-245">
         <name>.debug_line</name>
         <load_address>0x2813</load_address>
         <run_address>0x2813</run_address>
         <size>0x2c</size>
         <input_file_ref idref="fl-14e"/>
      </object_component>
      <object_component id="oc-220">
         <name>.debug_line</name>
         <load_address>0x283f</load_address>
         <run_address>0x283f</run_address>
         <size>0x49</size>
         <input_file_ref idref="fl-14e"/>
      </object_component>
      <object_component id="oc-21b">
         <name>.debug_line</name>
         <load_address>0x2888</load_address>
         <run_address>0x2888</run_address>
         <size>0x20</size>
         <input_file_ref idref="fl-14f"/>
      </object_component>
      <object_component id="oc-1c0">
         <name>.debug_line</name>
         <load_address>0x28a8</load_address>
         <run_address>0x28a8</run_address>
         <size>0xa2</size>
         <input_file_ref idref="fl-14f"/>
      </object_component>
      <object_component id="oc-235">
         <name>.debug_line</name>
         <load_address>0x294a</load_address>
         <run_address>0x294a</run_address>
         <size>0x8a</size>
         <input_file_ref idref="fl-150"/>
      </object_component>
      <object_component id="oc-1e1">
         <name>.debug_line</name>
         <load_address>0x29d4</load_address>
         <run_address>0x29d4</run_address>
         <size>0xc6</size>
         <input_file_ref idref="fl-150"/>
      </object_component>
[...]
               <start_address>0x22e0</start_address>
               <size>0x88</size>
               <logical_group_ref idref="lg-6"/>
            </allocated_space>
            <available_space>
               <start_address>0x2368</start_address>
               <size>0x3dc98</size>
            </available_space>
         </usage_details>
      </memory_area>
      <memory_area display="yes" color="green">
         <name>SRAM</name>
         <page_id>0x0</page_id>
         <origin>0x20000000</origin>
         <length>0x8000</length>
         <used_space>0x228</used_space>
         <unused_space>0x7dd8</unused_space>
         <attributes>RWX</attributes>
         <usage_details>
            <allocated_space>
               <start_address>0x20000000</start_address>
               <size>0x1b8</size>
               <logical_group_ref idref="lg-24a"/>
            </allocated_space>
            <allocated_space>
               <start_address>0x200001b8</start_address>
               <size>0x64</size>
               <logical_group_ref idref="lg-d"/>
            </allocated_space>
            <allocated_space>
               <start_address>0x2000021c</start_address>
               <size>0xc</size>
               <logical_group_ref idref="lg-248"/>
            </allocated_space>
            <available_space>
               <start_address>0x20000228</start_address>
               <size>0x7dd8</size>
            </available_space>
         </usage_details>
      </memory_area>
   </placement_map>
   <cptbl_list>
      <cptbl>
         <name>__TI_cinit_table</name>
         <cprec>
            <name>.data</name>
            <load_address>0x22e0</load_address>
            <load_size>0x63</load_size>
            <run_address>0x20000000</run_address>
            <run_size>0x1b8</run_size>
            <compression>rle</compression>
         </cprec>
         <cprec>
            <name>.bss</name>
            <load_address>0x2350</load_address>
            <load_size>0x8</load_size>
            <run_address>0x2000021c</run_address>
            <run_size>0xc</run_size>
            <compression>zero_init</compression>
         </cprec>
      </cptbl>
   </cptbl_list>
   <handler_table>
      <handler_table_name>__TI_handler_table</handler_table_name>
      <handler>
         <index>0x0</index>
         <name>__TI_decompress_rle24</name>
      </handler>
      <handler>
         <index>0x1</index>
         <name>__TI_decompress_none</name>
      </handler>
      <handler>
         <index>0x2</index>
         <name>__TI_zero_init</name>
      </handler>
   </handler_table>
   <symbol_table>
      <symbol id="sm-1">
         <name>__STACK_TOP</name>
         <value>0x200003b8</value>
      </symbol>
      <symbol id="sm-2">
         <name>__TI_CINIT_Base</name>
         <value>0x2358</value>
      </symbol>
      <symbol id="sm-3">
         <name>__TI_CINIT_Limit</name>
         <value>0x2368</value>
      </symbol>
      <symbol id="sm-4">
         <name>__TI_Handler_Table_Base</name>
         <value>0x2344</value>
      </symbol>
      <symbol id="sm-5">
         <name>__TI_Handler_Table_Limit</name>
         <value>0x2350</value>
      </symbol>
      <symbol id="sm-6">
         <name>binit</name>
         <value>0xffffffff</value>
      </symbol>
      <symbol id="sm-7">
         <name>__binit__</name>
         <value>0xffffffff</value>
      </symbol>
      <symbol id="sm-8">
         <name>__STACK_SIZE</name>
         <value>0x64</value>
      </symbol>
      <symbol id="sm-9">
         <name>__STACK_END</name>
         <value>0x2000021c</value>
      </symbol>
      <symbol id="sm-a">
         <name>__c_args__</name>
         <value>0xffffffff</value>
      </symbol>
      <symbol id="sm-51">
         <name>String</name>
         <value>0x2000021c</value>
      </symbol>
      <symbol id="sm-52">
         <name>UART_ConvertDistance</name>
         <value>0x11af</value>
         <object_component_ref idref="oc-106"/>
      </symbol>
      <symbol id="sm-53">
         <name>UART_OutDistance</name>
         <value>0x11b9</value>
         <object_component_ref idref="oc-106"/>
      </symbol>
      <symbol id="sm-54">
         <name>UART_InUDec</name>
         <value>0x1105</value>
         <object_component_ref idref="oc-106"/>
      </symbol>
      <symbol id="sm-55">
         <name>UART_OutUDec</name>
         <value>0x119d</value>
         <object_component_ref idref="oc-106"/>
      </symbol>
      <symbol id="sm-56">
         <name>UART_OutString</name>
         <value>0x1189</value>
         <object_component_ref idref="oc-106"/>
      </symbol>
      <symbol id="sm-57">
         <name>UART_InChar</name>
         <value>0x10bd</value>
         <object_component_ref idref="oc-106"/>
      </symbol>
      <symbol id="sm-58">
         <name>UART_InCharNonBlocking</name>
         <value>0x10d1</value>
         <object_component_ref idref="oc-106"/>
      </symbol>
      <symbol id="sm-59">
         <name>UART_Init</name>
         <value>0x1055</value>
         <object_component_ref idref="oc-106"/>
      </symbol>
      <symbol id="sm-5a">
         <name>UART_ConvertUDec</name>
         <value>0x1193</value>
         <object_component_ref idref="oc-106"/>
      </symbol>
      <symbol id="sm-5b">
         <name>UART_OutChar</name>
         <value>0x10e9</value>
         <object_component_ref idref="oc-106"/>
      </symbol>
      <symbol id="sm-90">
         <name>main</name>
         <value>0xa0d</value>
         <object_component_ref idref="oc-9d"/>
      </symbol>
      <symbol id="sm-91">
         <name>delayMS</name>
         <value>0x9f1</value>
         <object_component_ref idref="oc-9d"/>
      </symbol>
      <symbol id="sm-ad">
         <name>ResetISR</name>
         <value>0x2113</value>
         <object_component_ref idref="oc-2a"/>
      </symbol>
      <symbol id="sm-ae">
         <name>g_pfnVectors</name>
         <value>0x0</value>
         <object_component_ref idref="oc-f"/>
      </symbol>
      <symbol id="sm-11d">
         <name>SysCtlClockSet</name>
         <value>0x178d</value>
         <object_component_ref idref="oc-ca"/>
      </symbol>
      <symbol id="sm-11e">
         <name>SysCtlDelay</name>
         <value>0x211f</value>
         <object_component_ref idref="oc-c9"/>
      </symbol>
      <symbol id="sm-11f">
         <name>SysCtlPeripheralEnable</name>
         <value>0x1f01</value>
         <object_component_ref idref="oc-d6"/>
      </symbol>
      <symbol id="sm-120">
         <name>SysCtlClockGet</name>
         <value>0x1469</value>
         <object_component_ref idref="oc-c3"/>
      </symbol>
      <symbol id="sm-121">
         <name>SysCtlPWMClockSet</name>
         <value>0x2091</value>
         <object_component_ref idref="oc-d0"/>
      </symbol>
      <symbol id="sm-14e">
         <name>PWMGenPeriodSet</name>
         <value>0x20dd</value>
         <object_component_ref idref="oc-ee"/>
      </symbol>
      <symbol id="sm-14f">
         <name>PWMPulseWidthSet</name>
         <value>0x2041</value>
         <object_component_ref idref="oc-f4"/>
      </symbol>
      <symbol id="sm-150">
         <name>PWMOutputState</name>
         <value>0x20cb</value>
         <object_component_ref idref="oc-100"/>
      </symbol>
      <symbol id="sm-151">
         <name>PWMGenEnable</name>
         <value>0x20fb</value>
         <object_component_ref idref="oc-fa"/>
      </symbol>
      <symbol id="sm-152">
         <name>PWMGenConfigure</name>
         <value>0x201f</value>
         <object_component_ref idref="oc-e8"/>
      </symbol>
      <symbol id="sm-18b">
         <name>GPIOPinTypePWM</name>
         <value>0x20b9</value>
         <object_component_ref idref="oc-e2"/>
      </symbol>
      <symbol id="sm-18c">
         <name>GPIOPinConfigure</name>
         <value>0x1d71</value>
         <object_component_ref idref="oc-dc"/>
      </symbol>
      <symbol id="sm-18d">
         <name>GPIODirModeSet</name>
         <value>0x1ff5</value>
         <object_component_ref idref="oc-151"/>
      </symbol>
      <symbol id="sm-18e">
         <name>GPIOPadConfigSet</name>
         <value>0x1337</value>
         <object_component_ref idref="oc-157"/>
      </symbol>
      <symbol id="sm-1a1">
         <name>_c_int00</name>
         <value>0x1cd5</value>
         <object_component_ref idref="oc-24"/>
      </symbol>
      <symbol id="sm-1a2">
         <name>__stack</name>
         <value>0x200001b8</value>
         <object_component_ref idref="oc-29"/>
      </symbol>
      <symbol id="sm-1b9">
         <name>__TI_decompress_none</name>
         <value>0x20ed</value>
         <object_component_ref idref="oc-12"/>
      </symbol>
      <symbol id="sm-1e1">
         <name>__TI_decompress_rle24</name>
         <value>0x2125</value>
         <object_component_ref idref="oc-18"/>
      </symbol>
      <symbol id="sm-1f3">
         <name>__TI_zero_init</name>
         <value>0x2107</value>
         <object_component_ref idref="oc-1e"/>
      </symbol>
      <symbol id="sm-212">
         <name>C$$EXIT</name>
         <value>0x1e01</value>
         <object_component_ref idref="oc-6a"/>
      </symbol>
      <symbol id="sm-213">
         <name>abort</name>
         <value>0x1e05</value>
         <object_component_ref idref="oc-6a"/>
      </symbol>
      <symbol id="sm-214">
         <name>exit</name>
         <value>0x1e0d</value>
         <object_component_ref idref="oc-6a"/>
      </symbol>
      <symbol id="sm-215">
         <name>__TI_dtors_ptr</name>
         <value>0x200001a4</value>
         <object_component_ref idref="oc-a8"/>
      </symbol>
      <symbol id="sm-216">
         <name>__TI_cleanup_ptr</name>
         <value>0x200001a0</value>
         <object_component_ref idref="oc-a8"/>
      </symbol>
      <symbol id="sm-22d">
         <name>__aeabi_dmul</name>
         <value>0x1691</value>
         <object_component_ref idref="oc-117"/>
      </symbol>
      <symbol id="sm-23a">
         <name>__aeabi_d2uiz</name>
         <value>0x1e45</value>
         <object_component_ref idref="oc-11c"/>
      </symbol>
      <symbol id="sm-246">
         <name>__aeabi_i2d</name>
         <value>0x1f99</value>
         <object_component_ref idref="oc-10c"/>
      </symbol>
      <symbol id="sm-261">
         <name>memcpy</name>
         <value>0x19fb</value>
         <object_component_ref idref="oc-33"/>
      </symbol>
      <symbol id="sm-262">
         <name>__aeabi_memcpy</name>
         <value>0x19fb</value>
         <object_component_ref idref="oc-33"/>
      </symbol>
      <symbol id="sm-263">
         <name>__aeabi_memcpy8</name>
         <value>0x19fb</value>
         <object_component_ref idref="oc-33"/>
      </symbol>
      <symbol id="sm-264">
         <name>__aeabi_memcpy4</name>
         <value>0x19fb</value>
         <object_component_ref idref="oc-33"/>
      </symbol>
      <symbol id="sm-273">
         <name>__aeabi_memset</name>
         <value>0x1b1f</value>
         <object_component_ref idref="oc-4c"/>
      </symbol>
      <symbol id="sm-274">
         <name>memset</name>
         <value>0x1b25</value>
         <object_component_ref idref="oc-4c"/>
      </symbol>
      <symbol id="sm-275">
         <name>__aeabi_memset8</name>
         <value>0x1b1f</value>
         <object_component_ref idref="oc-4c"/>
      </symbol>
      <symbol id="sm-276">
         <name>__aeabi_memset4</name>
         <value>0x1b1f</value>
         <object_component_ref idref="oc-4c"/>
      </symbol>
      <symbol id="sm-277">
         <name>__aeabi_memclr8</name>
         <value>0x1b1d</value>
         <object_component_ref idref="oc-4c"/>
      </symbol>
      <symbol id="sm-278">
         <name>__aeabi_memclr4</name>
         <value>0x1b1d</value>
         <object_component_ref idref="oc-4c"/>
      </symbol>
      <symbol id="sm-279">
         <name>__aeabi_memclr</name>
         <value>0x1b1d</value>
         <object_component_ref idref="oc-4c"/>
      </symbol>
      <symbol id="sm-2ce">
         <name>pow</name>
         <value>0x26d</value>
         <object_component_ref idref="oc-111"/>
      </symbol>
      <symbol id="sm-2d8">
         <name>_system_pre_init</name>
         <value>0x212b</value>
         <object_component_ref idref="oc-58"/>
      </symbol>
      <symbol id="sm-2e0">
         <name>main_func_sp</name>
         <value>0x200001b4</value>
         <object_component_ref idref="oc-70"/>
      </symbol>
      <symbol id="sm-2ff">
         <name>_Dint</name>
         <value>0x187d</value>
         <object_component_ref idref="oc-174"/>
      </symbol>
      <symbol id="sm-313">
         <name>_Dunscale</name>
         <value>0x1c6f</value>
         <object_component_ref idref="oc-16e"/>
      </symbol>
      <symbol id="sm-347">
         <name>_Exp</name>
         <value>0xca1</value>
         <object_component_ref idref="oc-19a"/>
      </symbol>
      <symbol id="sm-356">
         <name>_Feraise</name>
         <value>0x1f69</value>
         <object_component_ref idref="oc-17f"/>
      </symbol>
      <symbol id="sm-366">
         <name>_Rteps</name>
         <value>0x20000110</value>
         <object_component_ref idref="oc-1a0"/>
      </symbol>
      <symbol id="sm-367">
         <name>_Zero</name>
         <value>0x20000128</value>
         <object_component_ref idref="oc-1a0"/>
      </symbol>
      <symbol id="sm-368">
         <name>_Hugeval</name>
         <value>0x200000d0</value>
         <object_component_ref idref="oc-1a0"/>
      </symbol>
      <symbol id="sm-369">
         <name>_Snan</name>
         <value>0x20000100</value>
         <object_component_ref idref="oc-1a0"/>
      </symbol>
      <symbol id="sm-36a">
         <name>_Nan</name>
         <value>0x200000f0</value>
         <object_component_ref idref="oc-1a0"/>
      </symbol>
      <symbol id="sm-36b">
         <name>_Inf</name>
         <value>0x200000e0</value>
         <object_component_ref idref="oc-1a0"/>
      </symbol>
      <symbol id="sm-36c">
         <name>_Xbig</name>
         <value>0x20000120</value>
         <object_component_ref idref="oc-1a0"/>
      </symbol>
      <symbol id="sm-36d">
         <name>_Eps</name>
         <value>0x200000c0</value>
         <object_component_ref idref="oc-1a0"/>
      </symbol>
      <symbol id="sm-36e">
         <name>_Denorm</name>
         <value>0x200000b0</value>
         <object_component_ref idref="oc-1a0"/>
      </symbol>
      <symbol id="sm-387">
         <name>_nop</name>
         <value>0x20b3</value>
         <object_component_ref idref="oc-12a"/>
      </symbol>
      <symbol id="sm-388">
         <name>_lock</name>
         <value>0x20000198</value>
         <object_component_ref idref="oc-a5"/>
      </symbol>
      <symbol id="sm-389">
         <name>_unlock</name>
         <value>0x2000019c</value>
         <object_component_ref idref="oc-a5"/>
      </symbol>
      <symbol id="sm-38a">
         <name>_register_lock</name>
         <value>0x20ab</value>
         <object_component_ref idref="oc-12a"/>
      </symbol>
      <symbol id="sm-38b">
         <name>_register_unlock</name>
         <value>0x20a5</value>
         <object_component_ref idref="oc-12a"/>
      </symbol>
      <symbol id="sm-3a0">
         <name>_args_main</name>
         <value>0x2079</value>
         <object_component_ref idref="oc-64"/>
      </symbol>
      <symbol id="sm-3c6">
         <name>__TI_auto_init</name>
         <value>0x1b99</value>
         <object_component_ref idref="oc-5e"/>
      </symbol>
      <symbol id="sm-3e0">
         <name>copy_in</name>
         <value>0x1d25</value>
         <object_component_ref idref="oc-95"/>
      </symbol>
      <symbol id="sm-3e8">
         <name>_Errno</name>
         <value>0x200001b0</value>
         <object_component_ref idref="oc-1d2"/>
      </symbol>
      <symbol id="sm-40c">
         <name>__aeabi_dsub</name>
         <value>0xe9d</value>
         <object_component_ref idref="oc-185"/>
      </symbol>
      <symbol id="sm-40d">
         <name>__aeabi_dadd</name>
         <value>0xea7</value>
         <object_component_ref idref="oc-185"/>
      </symbol>
      <symbol id="sm-424">
         <name>__aeabi_cdcmpeq</name>
         <value>0x1a97</value>
         <object_component_ref idref="oc-17a"/>
      </symbol>
      <symbol id="sm-425">
         <name>__aeabi_cdcmple</name>
         <value>0x1a97</value>
         <object_component_ref idref="oc-17a"/>
      </symbol>
      <symbol id="sm-445">
         <name>__aeabi_ddiv</name>
         <value>0x1201</value>
         <object_component_ref idref="oc-195"/>
      </symbol>
      <symbol id="sm-453">
         <name>__aeabi_d2iz</name>
         <value>0x1db9</value>
         <object_component_ref idref="oc-18a"/>
      </symbol>
      <symbol id="sm-471">
         <name>feraiseexcept</name>
         <value>0x1f35</value>
         <object_component_ref idref="oc-1cc"/>
      </symbol>
      <symbol id="sm-472">
         <name>_Tls_setup__Fenv</name>
         <value>0x200001ac</value>
         <object_component_ref idref="oc-201"/>
      </symbol>
      <symbol id="sm-473">
         <name>_Fenv</name>
         <value>0x200001a8</value>
         <object_component_ref idref="oc-201"/>
      </symbol>
      <symbol id="sm-47d">
         <name>log</name>
         <value>0x205f</value>
         <object_component_ref idref="oc-18f"/>
      </symbol>
      <symbol id="sm-491">
         <name>raise</name>
         <value>0x1fc7</value>
         <object_component_ref idref="oc-1fb"/>
      </symbol>
      <symbol id="sm-4ab">
         <name>signal</name>
         <value>0x1e89</value>
         <object_component_ref idref="oc-21c"/>
      </symbol>
      <symbol id="sm-4c0">
         <name>_Dnorm</name>
         <value>0x193d</value>
         <object_component_ref idref="oc-1bf"/>
      </symbol>
      <symbol id="sm-4dc">
         <name>_Dscale</name>
         <value>0x1581</value>
         <object_component_ref idref="oc-1e0"/>
      </symbol>
      <symbol id="sm-50c">
         <name>_Log</name>
         <value>0x705</value>
         <object_component_ref idref="oc-1d8"/>
      </symbol>
      <symbol id="sm-51a">
         <name>__aeabi_f2d</name>
         <value>0x1ec9</value>
         <object_component_ref idref="oc-207"/>
      </symbol>
      <symbol id="sm-529">
         <name>_FZero</name>
         <value>0x20000194</value>
         <object_component_ref idref="oc-20c"/>
      </symbol>
      <symbol id="sm-52a">
         <name>_FRteps</name>
         <value>0x20000180</value>
         <object_component_ref idref="oc-20c"/>
      </symbol>
      <symbol id="sm-52b">
         <name>_FSnan</name>
         <value>0x20000170</value>
         <object_component_ref idref="oc-20c"/>
      </symbol>
      <symbol id="sm-52c">
         <name>_FNan</name>
         <value>0x20000160</value>
         <object_component_ref idref="oc-20c"/>
      </symbol>
      <symbol id="sm-52d">
         <name>_FInf</name>
         <value>0x20000150</value>
         <object_component_ref idref="oc-20c"/>
      </symbol>
      <symbol id="sm-52e">
         <name>_FEps</name>
         <value>0x20000140</value>
         <object_component_ref idref="oc-20c"/>
      </symbol>
      <symbol id="sm-52f">
         <name>_FXbig</name>
         <value>0x20000190</value>
         <object_component_ref idref="oc-20c"/>
      </symbol>
      <symbol id="sm-530">
         <name>_FDenorm</name>
         <value>0x20000130</value>
         <object_component_ref idref="oc-20c"/>
      </symbol>
      <symbol id="sm-531">
         <name>__TI_static_base__</name>
         <value>0x0</value>
      </symbol>
      <symbol id="sm-534">
         <name>SHT$$INIT_ARRAY$$Limit</name>
         <value>0x0</value>
      </symbol>
      <symbol id="sm-535">
         <name>SHT$$INIT_ARRAY$$Base</name>
         <value>0x0</value>
      </symbol>
   </symbol_table>
   <title>Link successful</title>
</link_info>
